#-----------------------------------------------------------
# PlanAhead v14.7 (64-bit)
# Build 321239 by xbuild on Fri Sep 27 19:29:51 MDT 2013
# Start of session at: Thu Jan 25 19:11:19 2018
# Process ID: 4712
# Log file: C:/Users/bhm3791/Documents/DSDII/lab2/planAhead_run_1/planAhead.log
# Journal file: C:/Users/bhm3791/Documents/DSDII/lab2/planAhead_run_1/planAhead.jou
#-----------------------------------------------------------
start_gui
source C:/Users/bhm3791/Documents/DSDII/lab2/pa.fromNetlist.tcl
startgroup
set_property package_pin T5 [get_ports {A[3]}]
endgroup
startgroup
set_property package_pin V8 [get_ports {A[2]}]
endgroup
startgroup
set_property package_pin U8 [get_ports {A[1]}]
endgroup
startgroup
set_property package_pin N8 [get_ports {A[0]}]
endgroup
startgroup
set_property package_pin M8 [get_ports {B[3]}]
endgroup
startgroup
set_property package_pin V9 [get_ports {B[2]}]
endgroup
startgroup
set_property package_pin T9 [get_ports {B[1]}]
endgroup
startgroup
set_property package_pin T10 [get_ports {B[0]}]
endgroup
startgroup
set_property package_pin T11 [get_ports {XOR_Out[3]}]
endgroup
startgroup
set_property package_pin R11 [get_ports {XOR_Out[2]}]
endgroup
startgroup
set_property package_pin N11 [get_ports {XOR_Out[1]}]
endgroup
startgroup
set_property package_pin M11 [get_ports {XOR_Out[0]}]
endgroup
save_constraints
