Release 14.7 - xst P.20131013 (nt64)
Copyright (c) 1995-2013 Xilinx, Inc.  All rights reserved.
--> Parameter TMPDIR set to xst/projnav.tmp


Total REAL time to Xst completion: 0.00 secs
Total CPU time to Xst completion: 0.11 secs
 
--> Parameter xsthdpdir set to xst


Total REAL time to Xst completion: 0.00 secs
Total CPU time to Xst completion: 0.11 secs
 
--> Reading design: alu.prj

TABLE OF CONTENTS
  1) Synthesis Options Summary
  2) HDL Parsing
  3) HDL Elaboration
  4) HDL Synthesis
       4.1) HDL Synthesis Report
  5) Advanced HDL Synthesis
       5.1) Advanced HDL Synthesis Report
  6) Low Level Synthesis
  7) Partition Report
  8) Design Summary
       8.1) Primitive and Black Box Usage
       8.2) Device utilization summary
       8.3) Partition Resource Summary
       8.4) Timing Report
            8.4.1) Clock Information
            8.4.2) Asynchronous Control Signals Information
            8.4.3) Timing Summary
            8.4.4) Timing Details
            8.4.5) Cross Clock Domains Report


=========================================================================
*                      Synthesis Options Summary                        *
=========================================================================
---- Source Parameters
Input File Name                    : "alu.prj"
Ignore Synthesis Constraint File   : NO

---- Target Parameters
Output File Name                   : "alu"
Output Format                      : NGC
Target Device                      : xc6slx16-3-csg324

---- Source Options
Top Module Name                    : alu
Automatic FSM Extraction           : YES
FSM Encoding Algorithm             : Auto
Safe Implementation                : No
FSM Style                          : LUT
RAM Extraction                     : Yes
RAM Style                          : Auto
ROM Extraction                     : Yes
Shift Register Extraction          : YES
ROM Style                          : Auto
Resource Sharing                   : YES
Asynchronous To Synchronous        : NO
Shift Register Minimum Size        : 2
Use DSP Block                      : Auto
Automatic Register Balancing       : No

---- Target Options
LUT Combining                      : Auto
Reduce Control Sets                : Auto
Add IO Buffers                     : YES
Global Maximum Fanout              : 100000
Add Generic Clock Buffer(BUFG)     : 16
Register Duplication               : YES
Optimize Instantiated Primitives   : NO
Use Clock Enable                   : Auto
Use Synchronous Set                : Auto
Use Synchronous Reset              : Auto
Pack IO Registers into IOBs        : Auto
Equivalent register Removal        : YES

---- General Options
Optimization Goal                  : Speed
Optimization Effort                : 1
Power Reduction                    : NO
Keep Hierarchy                     : No
Netlist Hierarchy                  : As_Optimized
RTL Output                         : Yes
Global Optimization                : AllClockNets
Read Cores                         : YES
Write Timing Constraints           : NO
Cross Clock Analysis               : NO
Hierarchy Separator                : /
Bus Delimiter                      : <>
Case Specifier                     : Maintain
Slice Utilization Ratio            : 100
BRAM Utilization Ratio             : 100
DSP48 Utilization Ratio            : 100
Auto BRAM Packing                  : NO
Slice Utilization Ratio Delta      : 5

=========================================================================


=========================================================================
*                          HDL Parsing                                  *
=========================================================================
Parsing VHDL file "C:\Users\bhm3791\Documents\DSDII\lab3\src\so_eddgy.vhd" into library work
Parsing package <so_eddgy>.
Parsing package body <so_eddgy>.
Parsing VHDL file "C:\Users\bhm3791\Documents\DSDII\lab3\src\f_adder.vhd" into library work
Parsing entity <f_adder>.
Parsing architecture <behav> of entity <f_adder>.
Parsing VHDL file "C:\Users\bhm3791\Documents\DSDII\lab3\src\n_bit_multiplier.vhd" into library work
Parsing entity <n_bit_multiplier>.
Parsing architecture <behav> of entity <n_bit_multiplier>.
Parsing VHDL file "C:\Users\bhm3791\Documents\DSDII\lab3\src\n_bit_adder.vhd" into library work
Parsing entity <n_bit_adder>.
Parsing architecture <behav> of entity <n_bit_adder>.
Parsing VHDL file "C:\Users\bhm3791\Documents\DSDII\lab3\src\nBitRightShift.vhd" into library work
Parsing entity <nBitRightShift>.
Parsing architecture <struct> of entity <nbitrightshift>.
Parsing VHDL file "C:\Users\bhm3791\Documents\DSDII\lab3\src\nBitLeftShift.vhd" into library work
Parsing entity <nBitLeftShift>.
Parsing architecture <struct> of entity <nbitleftshift>.
Parsing VHDL file "C:\Users\bhm3791\Documents\DSDII\lab3\src\logic_block.vhd" into library work
Parsing entity <logic_block>.
Parsing architecture <behav> of entity <logic_block>.
Parsing VHDL file "C:\Users\bhm3791\Documents\DSDII\lab3\src\n_bit_shift_unit.vhd" into library work
Parsing entity <n_bit_shift_unit>.
Parsing architecture <behav> of entity <n_bit_shift_unit>.
Parsing VHDL file "C:\Users\bhm3791\Documents\DSDII\lab3\src\n_bit_logic_unit.vhd" into library work
Parsing entity <n_bit_logic_unit>.
Parsing architecture <behav> of entity <n_bit_logic_unit>.
Parsing VHDL file "C:\Users\bhm3791\Documents\DSDII\lab3\src\n_bit_arithmetic_unit.vhd" into library work
Parsing entity <n_bit_arithmetic_unit>.
Parsing architecture <behav> of entity <n_bit_arithmetic_unit>.
Parsing VHDL file "C:\Users\bhm3791\Documents\DSDII\lab3\src\alu.vhd" into library work
Parsing entity <alu>.
Parsing architecture <behav> of entity <alu>.

=========================================================================
*                            HDL Elaboration                            *
=========================================================================

Elaborating entity <alu> (architecture <behav>) from library <work>.

Elaborating entity <n_bit_arithmetic_unit> (architecture <behav>) with generics from library <work>.

Elaborating entity <n_bit_adder> (architecture <behav>) with generics from library <work>.

Elaborating entity <f_adder> (architecture <behav>) from library <work>.

Elaborating entity <n_bit_multiplier> (architecture <behav>) with generics from library <work>.

Elaborating entity <n_bit_logic_unit> (architecture <behav>) with generics from library <work>.

Elaborating entity <logic_block> (architecture <behav>) from library <work>.

Elaborating entity <n_bit_shift_unit> (architecture <behav>) with generics from library <work>.

Elaborating entity <nBitLeftShift> (architecture <struct>) with generics from library <work>.

Elaborating entity <nBitRightShift> (architecture <struct>) with generics from library <work>.

Elaborating entity <nBitRightShift> (architecture <struct>) with generics from library <work>.

=========================================================================
*                           HDL Synthesis                               *
=========================================================================

Synthesizing Unit <alu>.
    Related source file is "C:\Users\bhm3791\Documents\DSDII\lab3\src\alu.vhd".
    Found 8-bit 4-to-1 multiplexer for signal <F> created at line 63.
    Summary:
	inferred   1 Multiplexer(s).
Unit <alu> synthesized.

Synthesizing Unit <n_bit_arithmetic_unit>.
    Related source file is "C:\Users\bhm3791\Documents\DSDII\lab3\src\n_bit_arithmetic_unit.vhd".
        n = 8
INFO:Xst:3210 - "C:\Users\bhm3791\Documents\DSDII\lab3\src\n_bit_arithmetic_unit.vhd" line 41: Output port <cout> of the instance <adder> is unconnected or connected to loadless signal.
INFO:Xst:3210 - "C:\Users\bhm3791\Documents\DSDII\lab3\src\n_bit_arithmetic_unit.vhd" line 47: Output port <cout> of the instance <subtractor> is unconnected or connected to loadless signal.
    Found 8-bit 4-to-1 multiplexer for signal <F> created at line 57.
    Summary:
	inferred   1 Multiplexer(s).
Unit <n_bit_arithmetic_unit> synthesized.

Synthesizing Unit <n_bit_adder>.
    Related source file is "C:\Users\bhm3791\Documents\DSDII\lab3\src\n_bit_adder.vhd".
        adder_width = 8
    Summary:
	no macro.
Unit <n_bit_adder> synthesized.

Synthesizing Unit <f_adder>.
    Related source file is "C:\Users\bhm3791\Documents\DSDII\lab3\src\f_adder.vhd".
    Summary:
Unit <f_adder> synthesized.

Synthesizing Unit <n_bit_multiplier>.
    Related source file is "C:\Users\bhm3791\Documents\DSDII\lab3\src\n_bit_multiplier.vhd".
        n = 4
    Summary:
	no macro.
Unit <n_bit_multiplier> synthesized.

Synthesizing Unit <n_bit_logic_unit>.
    Related source file is "C:\Users\bhm3791\Documents\DSDII\lab3\src\n_bit_logic_unit.vhd".
        n = 8
    Summary:
	no macro.
Unit <n_bit_logic_unit> synthesized.

Synthesizing Unit <logic_block>.
    Related source file is "C:\Users\bhm3791\Documents\DSDII\lab3\src\logic_block.vhd".
    Found 1-bit 4-to-1 multiplexer for signal <F> created at line 12.
    Summary:
	inferred   1 Multiplexer(s).
Unit <logic_block> synthesized.

Synthesizing Unit <n_bit_shift_unit>.
    Related source file is "C:\Users\bhm3791\Documents\DSDII\lab3\src\n_bit_shift_unit.vhd".
        n = 8
    Found 8-bit 4-to-1 multiplexer for signal <F> created at line 47.
    Summary:
	inferred   1 Multiplexer(s).
Unit <n_bit_shift_unit> synthesized.

Synthesizing Unit <nBitLeftShift>.
    Related source file is "C:\Users\bhm3791\Documents\DSDII\lab3\src\nBitLeftShift.vhd".
        n = 8
WARNING:Xst:647 - Input <B<7:3>> is never used. This port will be preserved and left unconnected if it belongs to a top-level block or it belongs to a sub-block and the hierarchy of this sub-block is preserved.
    Found 8-bit 8-to-1 multiplexer for signal <Y> created at line 53.
    Summary:
	inferred   1 Multiplexer(s).
Unit <nBitLeftShift> synthesized.

Synthesizing Unit <nBitRightShift_1>.
    Related source file is "C:\Users\bhm3791\Documents\DSDII\lab3\src\nBitRightShift.vhd".
        n = 8
        mode = '0'
WARNING:Xst:647 - Input <B<7:3>> is never used. This port will be preserved and left unconnected if it belongs to a top-level block or it belongs to a sub-block and the hierarchy of this sub-block is preserved.
    Found 8-bit 8-to-1 multiplexer for signal <Y> created at line 55.
    Summary:
	inferred   1 Multiplexer(s).
Unit <nBitRightShift_1> synthesized.

Synthesizing Unit <nBitRightShift_2>.
    Related source file is "C:\Users\bhm3791\Documents\DSDII\lab3\src\nBitRightShift.vhd".
        n = 8
        mode = '1'
WARNING:Xst:647 - Input <B<7:3>> is never used. This port will be preserved and left unconnected if it belongs to a top-level block or it belongs to a sub-block and the hierarchy of this sub-block is preserved.
    Found 8-bit 8-to-1 multiplexer for signal <Y> created at line 55.
    Summary:
	inferred   1 Multiplexer(s).
Unit <nBitRightShift_2> synthesized.

=========================================================================
HDL Synthesis Report

Macro Statistics
# Multiplexers                                         : 14
 1-bit 4-to-1 multiplexer                              : 8
 8-bit 4-to-1 multiplexer                              : 3
 8-bit 8-to-1 multiplexer                              : 3
# Xors                                                 : 64
 1-bit xor2                                            : 64

=========================================================================

=========================================================================
*                       Advanced HDL Synthesis                          *
=========================================================================


=========================================================================
Advanced HDL Synthesis Report

Macro Statistics
# Multiplexers                                         : 14
 1-bit 4-to-1 multiplexer                              : 8
 8-bit 4-to-1 multiplexer                              : 3
 8-bit 8-to-1 multiplexer                              : 3
# Xors                                                 : 64
 1-bit xor2                                            : 64

=========================================================================

=========================================================================
*                         Low Level Synthesis                           *
=========================================================================

Optimizing unit <alu> ...

Optimizing unit <n_bit_adder> ...

Optimizing unit <n_bit_multiplier> ...

Mapping all equations...
Building and optimizing final netlist ...
Found area constraint ratio of 100 (+ 5) on block alu, actual ratio is 2.

Final Macro Processing ...

=========================================================================
Final Register Report

Found no macro
=========================================================================

=========================================================================
*                           Partition Report                            *
=========================================================================

Partition Implementation Status
-------------------------------

  No Partitions were found in this design.

-------------------------------

=========================================================================
*                            Design Summary                             *
=========================================================================

Top Level Output File Name         : alu.ngc

Primitive and Black Box Usage:
------------------------------
# BELS                             : 113
#      LUT2                        : 2
#      LUT3                        : 7
#      LUT4                        : 22
#      LUT5                        : 31
#      LUT6                        : 41
#      MUXF7                       : 10
# IO Buffers                       : 28
#      IBUF                        : 20
#      OBUF                        : 8

Device utilization summary:
---------------------------

Selected Device : 6slx16csg324-3 


Slice Logic Utilization: 
 Number of Slice LUTs:                  103  out of   9112     1%  
    Number used as Logic:               103  out of   9112     1%  

Slice Logic Distribution: 
 Number of LUT Flip Flop pairs used:    103
   Number with an unused Flip Flop:     103  out of    103   100%  
   Number with an unused LUT:             0  out of    103     0%  
   Number of fully used LUT-FF pairs:     0  out of    103     0%  
   Number of unique control sets:         0

IO Utilization: 
 Number of IOs:                          28
 Number of bonded IOBs:                  28  out of    232    12%  

Specific Feature Utilization:

---------------------------
Partition Resource Summary:
---------------------------

  No Partitions were found in this design.

---------------------------


=========================================================================
Timing Report

NOTE: THESE TIMING NUMBERS ARE ONLY A SYNTHESIS ESTIMATE.
      FOR ACCURATE TIMING INFORMATION PLEASE REFER TO THE TRACE REPORT
      GENERATED AFTER PLACE-and-ROUTE.

Clock Information:
------------------
No clock signals found in this design

Asynchronous Control Signals Information:
----------------------------------------
No asynchronous control signals found in this design

Timing Summary:
---------------
Speed Grade: -3

   Minimum period: No path found
   Minimum input arrival time before clock: No path found
   Maximum output required time after clock: No path found
   Maximum combinational path delay: 12.747ns

Timing Details:
---------------
All values displayed in nanoseconds (ns)

=========================================================================
Timing constraint: Default path analysis
  Total number of paths / destination ports: 921 / 8
-------------------------------------------------------------------------
Delay:               12.747ns (Levels of Logic = 10)
  Source:            B<0> (PAD)
  Destination:       F<7> (PAD)

  Data Path: B<0> to F<7>
                                Gate     Net
    Cell:in->out      fanout   Delay   Delay  Logical Name (Net Name)
    ----------------------------------------  ------------
     IBUF:I->O            42   1.222   1.662  B_0_IBUF (B_0_IBUF)
     LUT4:I1->O            3   0.205   0.879  arithmetic/ars/fas1[1].fas2[0].fa/A_B_AND_2_o1 (arithmetic/ars/fa_carries<1><1>)
     LUT6:I3->O            4   0.205   0.788  arithmetic/ars/fas1[2].fas2[0].fa/A_B_AND_2_o1 (arithmetic/ars/fa_carries<2><1>)
     LUT6:I4->O            4   0.203   0.684  arithmetic/ars/fas1[2].fas2[2].fa/cout1 (arithmetic/ars/fa_carries<2><3>)
     LUT4:I3->O            2   0.205   0.617  arithmetic/ars/fas1[2].fas2[3].fa/Mxor_S_xo<0>1 (arithmetic/ars/fa_out<2><3>)
     LUT6:I5->O            2   0.205   0.617  arithmetic/ars/fas1[3].fas2[2].fa/cout1 (arithmetic/ars/fa_carries<3><3>)
     LUT6:I5->O            1   0.205   0.808  control<3>74 (control<3>73)
     LUT5:I2->O            1   0.205   0.684  control<3>75 (control<3>74)
     LUT4:I2->O            1   0.203   0.579  control<3>76 (F_7_OBUF)
     OBUF:I->O                 2.571          F_7_OBUF (F<7>)
    ----------------------------------------
    Total                     12.747ns (5.429ns logic, 7.318ns route)
                                       (42.6% logic, 57.4% route)

=========================================================================

Cross Clock Domains Report:
--------------------------

=========================================================================


Total REAL time to Xst completion: 4.00 secs
Total CPU time to Xst completion: 4.86 secs
 
--> 

Total memory usage is 258872 kilobytes

Number of errors   :    0 (   0 filtered)
Number of warnings :    3 (   0 filtered)
Number of infos    :    2 (   0 filtered)

